// Jest Snapshot v1, https://goo.gl/fbAQLP

exports[`renders correctly without error 1`] = `
<footer>
  <span
    className="footer"
  >
    Â© khomotso Tibane 
    2022
  </span>
</footer>
`;
